
  ___  ____  ____  ____  ____ ®
 /__    /   ____/   /   ____/      17.0
___/   /   /___/   /   /___/       MP—Parallel Edition

 Statistics and Data Science       Copyright 1985-2021 StataCorp LLC
                                   StataCorp
                                   4905 Lakeway Drive
                                   College Station, Texas 77845 USA
                                   800-STATA-PC        https://www.stata.com
                                   979-696-4600        stata@stata.com

Stata license: Single-user 16-core  perpetual
Serial number: 501706305188
  Licensed to: Timothy Copeland
               Karolinska Institutet

Notes:
      1. Stata is running in batch mode.
      2. Unicode is supported; see help unicode_advice.
      3. More than 2 billion observations are allowed; see help obs_advice.
      4. Maximum number of variables is set to 5,000 but can be increased;
          see help set_maxvar.

. do driver.do 

. do qa/stata/comptab_v251_cases.do /home/tpcopeland/R-tabtools-wt/_st251/tabto
> ols "/home/tpcopeland/R-Dev/_notes/tabtools-parity-2026-10-06/wp-5d/native-co
> -v2" "."

. /* Six additive comptab/hrcomptab fixtures. Root runs only after review in an
>    isolated owned directory with the exact 712044f8 / 2.5.1 source closure.
>    Arguments: pinned tabtools directory, empty output directory, package root
> .
>    No baseline fixture or central manifest is edited by this recipe. */
. version 17.0

. args native out root

. if `"`native'"' == "" | `"`out'"' == "" | `"`root'"' == "" exit 198

. set more off

. set varabbrev off

. adopath ++ "`native'"
  [1]              "/home/tpcopeland/R-tabtools-wt/_st251/tabtools"
  [2]  (BASE)      "/usr/local/stata17/ado/base/"
  [3]  (SITE)      "/usr/local/ado/"
  [4]              "."
  [5]  (PERSONAL)  "~/ado/personal/"
  [6]  (PLUS)      "~/ado/plus/"
  [7]  (OLDPLACE)  "~/ado/"

. run "`root'/qa/stata/golden_helpers.do"

. golden_ado_version comptab

. if "`r(version)'" != "2.5.1" exit 459

. global GOLDEN_TABTOOLS_VERSION "2.5.1"

. global GOLDEN_FVGEN_VERSION "not_used"

. foreach id in CO001 CO002 CO003 CO004 CO005 CO006 {
  2.     capture confirm file "`out'/`id'.csv"
  3.     if !_rc exit 602
  4. }

. clear

. input byte g byte x byte other double time byte ev byte ev2

            g         x     other        time        ev       ev2
  1. 1 1 1 10 1 1
  2. 1 2 2 10 1 1
  3. 1 3 1 10 1 0
  4. 1 4 2 10 0 0
  5. 1 5 1 10 0 0
  6. 1 6 2 10 0 0
  7. 1 7 1 10 0 0
  8. 1 8 2 10 0 0
  9. 1 9 1 10 0 0
 10. 1 10 2 10 0 0
 11. 1 11 1 10 0 0
 12. 1 12 2 10 0 0
 13. 2 1 1 10 1 1
 14. 2 2 2 10 1 1
 15. 2 3 1 10 1 1
 16. 2 4 2 10 1 1
 17. 2 5 1 10 1 1
 18. 2 6 2 10 0 1
 19. 2 7 1 10 0 0
 20. 2 8 2 10 0 0
 21. 2 9 1 10 0 0
 22. 2 10 2 10 0 0
 23. 2 11 1 10 0 0
 24. 2 12 2 10 0 0
 25. 3 1 1 10 1 1
 26. 3 2 2 10 1 1
 27. 3 3 1 10 1 1
 28. 3 4 2 10 1 1
 29. 3 5 1 10 1 1
 30. 3 6 2 10 1 1
 31. 3 7 1 10 1 1
 32. 3 8 2 10 1 1
 33. 3 9 1 10 0 1
 34. 3 10 2 10 0 0
 35. 3 11 1 10 0 0
 36. 3 12 2 10 0 0
 37. end

. label define gcat 1 "A" 2 "B" 3 "C"

. label values g gcat

. label define othercat 1 "No" 2 "Yes"

. label values other othercat

. tempfile records gblock oblock secondblock

. save `records'
file /tmp/tabtools-native-recipes-q5gxrjg1/stata-tmp/St2841248.000001 saved
    as .dta format

. collect clear

. quietly collect: poisson ev i.g

. quietly collect: poisson ev i.g c.x

. regtab, frame(_co_models, replace) eplotframe(_co_models_ep, replace) noint c
> oef("IRR") models("Crude" \ "Adjusted")
  +----------------------------------------------------------------------------
> -----+
  |           Crude                              Adjusted                      
>      |
  |             IRR          95% CI   p-value         IRR          95% CI   p-v
> alue |
  |   g                                                                        
>      |
  |   A   Reference                             Reference                      
>      |
  |   B        1.67    (0.40, 6.97)      0.48        1.67    (0.40, 6.97)      
> 0.48 |
  |   C        2.67   (0.71, 10.05)      0.15        2.67   (0.71, 10.05)      
> 0.15 |
  |   x                                              0.75    (0.62, 0.90)     0
> .002 |
  +----------------------------------------------------------------------------
> -----+


. collect clear

. quietly collect: poisson ev i.g i.other c.x

. regtab, frame(_co_appendix, replace) eplotframe(_co_appendix_ep, replace) noi
> nt coef("IRR")
  +---------------------------------------------+
  |             Model                           |
  |               IRR          95% CI   p-value |
  |     g                                       |
  |     A   Reference                           |
  |     B        1.67    (0.40, 6.97)      0.48 |
  |     C        2.67   (0.71, 10.05)      0.15 |
  | other                                       |
  |    No   Reference                           |
  |   Yes        1.05    (0.38, 2.86)      0.93 |
  |     x        0.74    (0.62, 0.90)     0.002 |
  +---------------------------------------------+


. collect clear

. quietly collect: poisson ev i.g

. quietly collect: poisson ev2 i.g

. regtab, frame(_co_paired, replace) eplotframe(_co_paired_ep, replace) noint c
> oef("IRR") models("First" \ "Second")
  +----------------------------------------------------------------------------
> -----+
  |           First                                Second                      
>      |
  |             IRR          95% CI   p-value         IRR          95% CI   p-v
> alue |
  |   g                                                                        
>      |
  |   A   Reference                             Reference                      
>      |
  |   B        1.67    (0.40, 6.97)      0.48        3.00   (0.61, 14.86)      
> 0.18 |
  |   C        2.67   (0.71, 10.05)      0.15        4.50   (0.97, 20.83)     0
> .054 |
  +----------------------------------------------------------------------------
> -----+


. collect clear

. quietly collect: poisson ev i.g

. regtab, frame(_co_stars, replace) eplotframe(_co_stars_ep, replace) noint coe
> f("IRR") stars starslevels(.8 .6 .2)
  +-------------------------------------------+
  |           Model                           |
  |             IRR          95% CI   p-value |
  |   g                                       |
  |   A   Reference                           |
  |   B      1.67**    (0.40, 6.97)      0.48 |
  |   C     2.67***   (0.71, 10.05)      0.15 |
  +-------------------------------------------+


. 
. * Literal totals, with strate's log-Poisson bounds; not taken from R output.
. clear

. input str3 group double _D double _Y

         group          _D          _Y
  1. "A" 3 120
  2. "B" 5 120
  3. "C" 8 120
  4. end

. generate double _Rate = _D / _Y

. generate double _Lower = exp(log(_Rate) - invnormal(.975) / sqrt(_D))

. generate double _Upper = exp(log(_Rate) + invnormal(.975) / sqrt(_D))

. label variable _Lower "Lower 95% confidence limit"

. label variable _Upper "Upper 95% confidence limit"

. save "`gblock'.dta"
file /tmp/tabtools-native-recipes-q5gxrjg1/stata-tmp/St2841248.000002.dta
    saved

. clear

. input str3 group double _D double _Y

         group          _D          _Y
  1. "No" 9 180
  2. "Yes" 7 180
  3. end

. generate double _Rate = _D / _Y

. generate double _Lower = exp(log(_Rate) - invnormal(.975) / sqrt(_D))

. generate double _Upper = exp(log(_Rate) + invnormal(.975) / sqrt(_D))

. label variable _Lower "Lower 95% confidence limit"

. label variable _Upper "Upper 95% confidence limit"

. save "`oblock'.dta"
file /tmp/tabtools-native-recipes-q5gxrjg1/stata-tmp/St2841248.000003.dta
    saved

. clear

. input str3 group double _D double _Y

         group          _D          _Y
  1. "A" 2 120
  2. "B" 6 120
  3. "C" 9 120
  4. end

. generate double _Rate = _D / _Y

. generate double _Lower = exp(log(_Rate) - invnormal(.975) / sqrt(_D))

. generate double _Upper = exp(log(_Rate) + invnormal(.975) / sqrt(_D))

. label variable _Lower "Lower 95% confidence limit"

. label variable _Upper "Upper 95% confidence limit"

. save "`secondblock'.dta"
file /tmp/tabtools-native-recipes-q5gxrjg1/stata-tmp/St2841248.000004.dta
    saved

. stratetab, using("`gblock'") outcomes(1) outcomeids(ev) outlabels(ev) explabe
> ls(g) ratescale(100) unitlabel("100") frame(_co_rate, replace)
  +-------------------------------------------------------------+
  | Exposure       ev                                           |
  |            Events   Person-Years (PY)   Per 100 PY (95% CI) |
  |        g                                                    |
  |        A        3                 120        2.5 (0.8, 7.8) |
  |        B        5                 120       4.2 (1.7, 10.0) |
  |        C        8                 120       6.7 (3.3, 13.3) |
  +-------------------------------------------------------------+


. stratetab, using("`gblock'" "`oblock'") outcomes(1) outcomeids(ev) outlabels(
> ev) explabels(g \ other) ratescale(100) unitlabel("100") frame(_co_rateonly, 
> replace)
  +-------------------------------------------------------------+
  | Exposure       ev                                           |
  |            Events   Person-Years (PY)   Per 100 PY (95% CI) |
  |        g                                                    |
  |        A        3                 120        2.5 (0.8, 7.8) |
  |        B        5                 120       4.2 (1.7, 10.0) |
  |        C        8                 120       6.7 (3.3, 13.3) |
  |    other                                                    |
  |       No        9                 180        5.0 (2.6, 9.6) |
  |      Yes        7                 180        3.9 (1.9, 8.2) |
  +-------------------------------------------------------------+


. stratetab, using("`gblock'" "`secondblock'") outcomes(2) outcomeids(ev \ ev2)
>  outlabels("First outcome" \ "Second outcome") explabels(g) ratescale(100) un
> itlabel("100") frame(_co_tworates, replace)
  +----------------------------------------------------------------------------
> ---------------------------------------------------+
  | Exposure   First outcome                                             Second
>  outcome                                           |
  |                   Events   Person-Years (PY)   Per 100 PY (95% CI)         
>   Events   Person-Years (PY)   Per 100 PY (95% CI) |
  |        g                                                                   
>                                                    |
  |        A               3                 120        2.5 (0.8, 7.8)         
>        2                 120        1.7 (0.4, 6.7) |
  |        B               5                 120       4.2 (1.7, 10.0)         
>        6                 120       5.0 (2.2, 11.1) |
  |        C               8                 120       6.7 (3.3, 13.3)         
>        9                 120       7.5 (3.9, 14.4) |
  +----------------------------------------------------------------------------
> ---------------------------------------------------+


. 
. * Keep native stdout, all returned counts, complete CSV/Markdown/XLSX geometr
> y.
. log using "`out'/CO001.console.txt", text replace name(co_case)
(file
    /home/tpcopeland/R-Dev/_notes/tabtools-parity-2026-10-06/wp-5d/native-co-
    > v2/CO001.console.txt not found)
-------------------------------------------------------------------------------
      name:  co_case
       log:  /home/tpcopeland/R-Dev/_notes/tabtools-parity-2026-10-06/wp-5d/nat
> ive-co-v2/CO001.console.txt
  log type:  text
 opened on:   7 Oct 2026, 12:43:28

. hrcomptab _co_rate, modelframes(_co_models) rows(2/4) keyed allmodels effect(
> "IRR") cformat(%8.4f) csv("`out'/CO001.csv") markdown("`out'/CO001.md") xlsx(
> "`out'/comptab.xlsx") sheet(CO001)
  +----------------------------------------------------------------------------
> ----------------------------------------------------------------------------+
  | Exposure       ev                                                          
>                                                                             |
  |            Events   Person-Years (PY)   Per 100 PY (95% CI)        Crude, I
> RR (95% CI)   Crude, p-value     Adjusted, IRR (95% CI)   Adjusted, p-value |
  |        g                                                                   
>                                                                             |
  |        A        3                 120        2.5 (0.8, 7.8)                
>   Reference                                   Reference                     |
  |        B        5                 120       4.2 (1.7, 10.0)    1.6667 (0.39
> 83, 6.9739)             0.48    1.6667 (0.3983, 6.9739)                0.48 |
  |        C        8                 120       6.7 (3.3, 13.3)   2.6667 (0.707
> 5, 10.0516)             0.15   2.6667 (0.7075, 10.0516)                0.15 |
  +----------------------------------------------------------------------------
> ----------------------------------------------------------------------------+

Markdown exported to /home/tpcopeland/R-Dev/_notes/tabtools-parity-2026-10-06/w
> p-5d/native-co-v2/CO001.md
Exported 7 rows × 8 cols to /home/tpcopeland/R-Dev/_notes/tabtools-parity-2026-
> 10-06/wp-5d/native-co-v2/comptab.xlsx, sheet CO001

. mata: golden_dump_r("`out'/CO001_stored.csv", "CO001")

. log close co_case
      name:  co_case
       log:  /home/tpcopeland/R-Dev/_notes/tabtools-parity-2026-10-06/wp-5d/nat
> ive-co-v2/CO001.console.txt
  log type:  text
 closed on:   7 Oct 2026, 12:43:28
-------------------------------------------------------------------------------

. log using "`out'/CO002.console.txt", text replace name(co_case)
(file
    /home/tpcopeland/R-Dev/_notes/tabtools-parity-2026-10-06/wp-5d/native-co-
    > v2/CO002.console.txt not found)
-------------------------------------------------------------------------------
      name:  co_case
       log:  /home/tpcopeland/R-Dev/_notes/tabtools-parity-2026-10-06/wp-5d/nat
> ive-co-v2/CO002.console.txt
  log type:  text
 opened on:   7 Oct 2026, 12:43:28

. hrcomptab _co_rateonly, modelframes(_co_models) rows(2/4) keyed allmodels eff
> ect("IRR") csv("`out'/CO002.csv") markdown("`out'/CO002.md") xlsx("`out'/comp
> tab.xlsx") sheet(CO002)
  +----------------------------------------------------------------------------
> ---------------------------------------------------------------------+
  | Exposure       ev                                                          
>                                                                      |
  |            Events   Person-Years (PY)   Per 100 PY (95% CI)   Crude, IRR (9
> 5% CI)   Crude, p-value   Adjusted, IRR (95% CI)   Adjusted, p-value |
  |        g                                                                   
>                                                                      |
  |        A        3                 120        2.5 (0.8, 7.8)             Ref
> erence                                 Reference                     |
  |        B        5                 120       4.2 (1.7, 10.0)     1.67 (0.40,
>  6.97)             0.48        1.67 (0.40, 6.97)                0.48 |
  |        C        8                 120       6.7 (3.3, 13.3)    2.67 (0.71, 
> 10.05)             0.15       2.67 (0.71, 10.05)                0.15 |
  |    other                                                                   
>                                                                      |
  |       No        9                 180        5.0 (2.6, 9.6)                
>                                                                      |
  |      Yes        7                 180        3.9 (1.9, 8.2)                
>                                                                      |
  +----------------------------------------------------------------------------
> ---------------------------------------------------------------------+

Markdown exported to /home/tpcopeland/R-Dev/_notes/tabtools-parity-2026-10-06/w
> p-5d/native-co-v2/CO002.md
Exported 10 rows × 8 cols to /home/tpcopeland/R-Dev/_notes/tabtools-parity-2026
> -10-06/wp-5d/native-co-v2/comptab.xlsx, sheet CO002

. mata: golden_dump_r("`out'/CO002_stored.csv", "CO002")

. log close co_case
      name:  co_case
       log:  /home/tpcopeland/R-Dev/_notes/tabtools-parity-2026-10-06/wp-5d/nat
> ive-co-v2/CO002.console.txt
  log type:  text
 closed on:   7 Oct 2026, 12:43:29
-------------------------------------------------------------------------------

. log using "`out'/CO003.console.txt", text replace name(co_case)
(file
    /home/tpcopeland/R-Dev/_notes/tabtools-parity-2026-10-06/wp-5d/native-co-
    > v2/CO003.console.txt not found)
-------------------------------------------------------------------------------
      name:  co_case
       log:  /home/tpcopeland/R-Dev/_notes/tabtools-parity-2026-10-06/wp-5d/nat
> ive-co-v2/CO003.console.txt
  log type:  text
 opened on:   7 Oct 2026, 12:43:29

. hrcomptab _co_rate, modelframes(_co_appendix) rows(all) modelonly effect("IRR
> ") csv("`out'/CO003.csv") markdown("`out'/CO003.md") xlsx("`out'/comptab.xlsx
> ") sheet(CO003)
  +----------------------------------------------------------------------------
> ----------------+
  | Exposure       ev                                                          
>                 |
  |            Events   Person-Years (PY)   Per 100 PY (95% CI)         IRR (95
> % CI)   p-value |
  |        g                                                                   
>                 |
  |        A        3                 120        2.5 (0.8, 7.8)            Refe
> rence           |
  |        B        5                 120       4.2 (1.7, 10.0)    1.67 (0.40, 
> 6.97)      0.48 |
  |        C        8                 120       6.7 (3.3, 13.3)   2.67 (0.71, 1
> 0.05)      0.15 |
  |    other                                                                   
>                 |
  |       No                                                               Refe
> rence           |
  |      Yes                                                       1.05 (0.38, 
> 2.86)      0.93 |
  |        x                                                       0.74 (0.62, 
> 0.90)     0.002 |
  +----------------------------------------------------------------------------
> ----------------+

Markdown exported to /home/tpcopeland/R-Dev/_notes/tabtools-parity-2026-10-06/w
> p-5d/native-co-v2/CO003.md
Exported 11 rows × 6 cols to /home/tpcopeland/R-Dev/_notes/tabtools-parity-2026
> -10-06/wp-5d/native-co-v2/comptab.xlsx, sheet CO003

. mata: golden_dump_r("`out'/CO003_stored.csv", "CO003")

. log close co_case
      name:  co_case
       log:  /home/tpcopeland/R-Dev/_notes/tabtools-parity-2026-10-06/wp-5d/nat
> ive-co-v2/CO003.console.txt
  log type:  text
 closed on:   7 Oct 2026, 12:43:29
-------------------------------------------------------------------------------

. log using "`out'/CO004.console.txt", text replace name(co_case)
(file
    /home/tpcopeland/R-Dev/_notes/tabtools-parity-2026-10-06/wp-5d/native-co-
    > v2/CO004.console.txt not found)
-------------------------------------------------------------------------------
      name:  co_case
       log:  /home/tpcopeland/R-Dev/_notes/tabtools-parity-2026-10-06/wp-5d/nat
> ive-co-v2/CO004.console.txt
  log type:  text
 opened on:   7 Oct 2026, 12:43:29

. hrcomptab _co_tworates, modelframes(_co_paired) rows(3/4) outcomemap(Second \
>  First) effect("IRR") eplotframe(_co_forest, replace) csv("`out'/CO004.csv") 
> markdown("`out'/CO004.md") xlsx("`out'/comptab.xlsx") sheet(CO004)
  +----------------------------------------------------------------------------
> -----------------------------------------------------------------------------
> ------------------------------------+
  | Exposure   First outcome                                                   
>                          Second outcome                                      
>                                     |
  |                   Events   Person-Years (PY)   Per 100 PY (95% CI)         
> IRR (95% CI)   p-value           Events   Person-Years (PY)   Per 100 PY (95%
>  CI)         IRR (95% CI)   p-value |
  |        g                                                                   
>                                                                              
>                                     |
  |        A               3                 120        2.5 (0.8, 7.8)         
>    Reference                          2                 120        1.7 (0.4, 
> 6.7)            Reference           |
  |        B               5                 120       4.2 (1.7, 10.0)   3.00 (
> 0.61, 14.86)      0.18                6                 120       5.0 (2.2, 1
> 1.1)    1.67 (0.40, 6.97)      0.48 |
  |        C               8                 120       6.7 (3.3, 13.3)   4.50 (
> 0.97, 20.83)     0.054                9                 120       7.5 (3.9, 1
> 4.4)   2.67 (0.71, 10.05)      0.15 |
  +----------------------------------------------------------------------------
> -----------------------------------------------------------------------------
> ------------------------------------+

Markdown exported to /home/tpcopeland/R-Dev/_notes/tabtools-parity-2026-10-06/w
> p-5d/native-co-v2/CO004.md
Exported 7 rows × 11 cols to /home/tpcopeland/R-Dev/_notes/tabtools-parity-2026
> -10-06/wp-5d/native-co-v2/comptab.xlsx, sheet CO004

. mata: golden_dump_r("`out'/CO004_stored.csv", "CO004")

. frame _co_forest: format estimate ll ul pvalue %21.17g

. frame _co_forest: export delimited using "`out'/CO004_forest.csv", replace
(file
    /home/tpcopeland/R-Dev/_notes/tabtools-parity-2026-10-06/wp-5d/native-co-
    > v2/CO004_forest.csv not found)
file /home/tpcopeland/R-Dev/_notes/tabtools-parity-2026-10-06/wp-5d/native-co-v
> 2/CO004_forest.csv saved

. log close co_case
      name:  co_case
       log:  /home/tpcopeland/R-Dev/_notes/tabtools-parity-2026-10-06/wp-5d/nat
> ive-co-v2/CO004.console.txt
  log type:  text
 closed on:   7 Oct 2026, 12:43:29
-------------------------------------------------------------------------------

. log using "`out'/CO005.console.txt", text replace name(co_case)
(file
    /home/tpcopeland/R-Dev/_notes/tabtools-parity-2026-10-06/wp-5d/native-co-
    > v2/CO005.console.txt not found)
-------------------------------------------------------------------------------
      name:  co_case
       log:  /home/tpcopeland/R-Dev/_notes/tabtools-parity-2026-10-06/wp-5d/nat
> ive-co-v2/CO005.console.txt
  log type:  text
 opened on:   7 Oct 2026, 12:43:29

. comptab _co_stars, rows(3/4) cformat(%8.4f) cisep(" to ") csv("`out'/CO005.cs
> v") markdown("`out'/CO005.md") xlsx("`out'/comptab.xlsx") sheet(CO005)
  +-------------------------------------------------+
  |           Model                                 |
  |             IRR                95% CI   p-value |
  |   B    1.6667**    (0.3983 to 6.9739)      0.48 |
  |   C   2.6667***   (0.7075 to 10.0516)      0.15 |
  +-------------------------------------------------+

Markdown exported to /home/tpcopeland/R-Dev/_notes/tabtools-parity-2026-10-06/w
> p-5d/native-co-v2/CO005.md
Exported 5 rows × 5 cols to /home/tpcopeland/R-Dev/_notes/tabtools-parity-2026-
> 10-06/wp-5d/native-co-v2/comptab.xlsx, sheet CO005

. mata: golden_dump_r("`out'/CO005_stored.csv", "CO005")

. log close co_case
      name:  co_case
       log:  /home/tpcopeland/R-Dev/_notes/tabtools-parity-2026-10-06/wp-5d/nat
> ive-co-v2/CO005.console.txt
  log type:  text
 closed on:   7 Oct 2026, 12:43:29
-------------------------------------------------------------------------------

. log using "`out'/CO006.console.txt", text replace name(co_case)
(file
    /home/tpcopeland/R-Dev/_notes/tabtools-parity-2026-10-06/wp-5d/native-co-
    > v2/CO006.console.txt not found)
-------------------------------------------------------------------------------
      name:  co_case
       log:  /home/tpcopeland/R-Dev/_notes/tabtools-parity-2026-10-06/wp-5d/nat
> ive-co-v2/CO006.console.txt
  log type:  text
 opened on:   7 Oct 2026, 12:43:29

. comptab _co_stars, rows(3/4) cisep(" / ") csv("`out'/CO006.csv") markdown("`o
> ut'/CO006.md") xlsx("`out'/comptab.xlsx") sheet(CO006)
  +------------------------------------------+
  |         Model                            |
  |           IRR           95% CI   p-value |
  |   B    1.67**    (0.40 / 6.97)      0.48 |
  |   C   2.67***   (0.71 / 10.05)      0.15 |
  +------------------------------------------+

Markdown exported to /home/tpcopeland/R-Dev/_notes/tabtools-parity-2026-10-06/w
> p-5d/native-co-v2/CO006.md
Exported 5 rows × 5 cols to /home/tpcopeland/R-Dev/_notes/tabtools-parity-2026-
> 10-06/wp-5d/native-co-v2/comptab.xlsx, sheet CO006

. mata: golden_dump_r("`out'/CO006_stored.csv", "CO006")

. log close co_case
      name:  co_case
       log:  /home/tpcopeland/R-Dev/_notes/tabtools-parity-2026-10-06/wp-5d/nat
> ive-co-v2/CO006.console.txt
  log type:  text
 closed on:   7 Oct 2026, 12:43:29
-------------------------------------------------------------------------------

. 
end of do-file

. display "ROOT_COMPTAB_NATIVE_COMPLETE"
ROOT_COMPTAB_NATIVE_COMPLETE

. 
end of do-file
