
  ___  ____  ____  ____  ____ ®
 /__    /   ____/   /   ____/      17.0
___/   /   /___/   /   /___/       MP—Parallel Edition

 Statistics and Data Science       Copyright 1985-2021 StataCorp LLC
                                   StataCorp
                                   4905 Lakeway Drive
                                   College Station, Texas 77845 USA
                                   800-STATA-PC        https://www.stata.com
                                   979-696-4600        stata@stata.com

Stata license: Single-user 16-core  perpetual
Serial number: 501706305188
  Licensed to: Timothy Copeland
               Karolinska Institutet

Notes:
      1. Stata is running in batch mode.
      2. Unicode is supported; see help unicode_advice.
      3. More than 2 billion observations are allowed; see help obs_advice.
      4. Maximum number of variables is set to 5,000 but can be increased;
          see help set_maxvar.

. do /tmp/tabtools-native-256-ldv3y3pm/capture.do 

. version 17.0

. clear all

. set more off

. set linesize 255

. set varabbrev off

. adopath ++ "/home/tpcopeland/R-Dev/_notes/tabtools-parity-2026-10-06/wp-stata-post251-port-v1/native-256-source/fvgen"
  [1]              "/home/tpcopeland/R-Dev/_notes/tabtools-parity-2026-10-06/wp-stata-post251-port-v1/native-256-source/fvgen"
  [2]  (BASE)      "/usr/local/stata17/ado/base/"
  [3]  (SITE)      "/usr/local/ado/"
  [4]              "."
  [5]  (PERSONAL)  "~/ado/personal/"
  [6]  (PLUS)      "~/ado/plus/"
  [7]  (OLDPLACE)  "~/ado/"

. adopath ++ "/home/tpcopeland/R-Dev/_notes/tabtools-parity-2026-10-06/wp-stata-post251-port-v1/native-256-source/tabtools"
  [1]              "/home/tpcopeland/R-Dev/_notes/tabtools-parity-2026-10-06/wp-stata-post251-port-v1/native-256-source/tabtools"
  [2]              "/home/tpcopeland/R-Dev/_notes/tabtools-parity-2026-10-06/wp-stata-post251-port-v1/native-256-source/fvgen"
  [3]  (BASE)      "/usr/local/stata17/ado/base/"
  [4]  (SITE)      "/usr/local/ado/"
  [5]              "."
  [6]  (PERSONAL)  "~/ado/personal/"
  [7]  (PLUS)      "~/ado/plus/"
  [8]  (OLDPLACE)  "~/ado/"

. adopath
  [1]              "/home/tpcopeland/R-Dev/_notes/tabtools-parity-2026-10-06/wp-stata-post251-port-v1/native-256-source/tabtools"
  [2]              "/home/tpcopeland/R-Dev/_notes/tabtools-parity-2026-10-06/wp-stata-post251-port-v1/native-256-source/fvgen"
  [3]  (BASE)      "/usr/local/stata17/ado/base/"
  [4]  (SITE)      "/usr/local/ado/"
  [5]              "."
  [6]  (PERSONAL)  "~/ado/personal/"
  [7]  (PLUS)      "~/ado/plus/"
  [8]  (OLDPLACE)  "~/ado/"

. which puttab
/home/tpcopeland/R-Dev/_notes/tabtools-parity-2026-10-06/wp-stata-post251-port-v1/native-256-source/tabtools/puttab.ado
*! puttab Version 2.5.6  2026/10/07
*! Style an in-memory table (current data, a frame, or a matrix) as one Excel sheet
*! Author: Timothy P Copeland, Karolinska Institutet
*! Program class: rclass

. which table1_tc
/home/tpcopeland/R-Dev/_notes/tabtools-parity-2026-10-06/wp-stata-post251-port-v1/native-256-source/tabtools/table1_tc.ado
*! table1_tc Version 2.5.6  2026/10/07 - Descriptive Statistics Table Generator
*! Author: Timothy P Copeland, Karolinska Institutet
*! Program class: rclass
*! Frontend for the consolidated desctab engine

. which desctab
/home/tpcopeland/R-Dev/_notes/tabtools-parity-2026-10-06/wp-stata-post251-port-v1/native-256-source/tabtools/desctab.ado
*! desctab Version 2.5.6  2026/10/07 - Consolidated descriptive Table 1 engine
*! Author: Timothy P Copeland, Karolinska Institutet
*! Fork of -table1_mc- version 3.5 (2024-12-19) by Mark Chatfield
*! This program generates descriptive statistics tables with formatting options
*! and can export them to Excel with automatic column width calculation

. do "/home/tpcopeland/R-Dev/_notes/tabtools-parity-2026-10-06/wp-stata-post251-port-v1/puttab-current-geometry-candidate-v1/capture_puttab_current_geometry.do" "/tmp/tabtools-native-256-ldv3y3pm/out"

. version 17.0

. clear all

. set more off

. set linesize 255

. * Five exact legacy QA cases. ROOT executes from isolated authenticated source.
. * New source pin 4eecca4d09d61df0cfe773fc2024b015920b5fe6; old pin712044f8.
. args output

. if `"`output'"' == "" exit 198

. file open counts using `"`output'/counts.csv"', write text replace
(file /tmp/tabtools-native-256-ldv3y3pm/out/counts.csv not found)

. file write counts "id,n_rows,n_cols,n_datarows,n_panels,n_spans" _n

. clear

. set obs 3
Number of observations (_N) was 0, now 3.

. gen p = cond(_n < 3, 1, 2)

. label define panels 1 "Panel A" 2 "Panel B", replace

. label values p panels

. gen str10 term = cond(_n == 1, "a", cond(_n == 2, "b", "c"))

. gen n = 1000 * _n

. gen rate = 1234.5 + _n / 10

. format n %8.0gc

. format rate %12.2fc

. label variable term "Term"

. label variable n "N"

. label variable rate "Rate"

. gen str1 h1 = ""
(3 missing values generated)

. gen str12 h2 = cond(p == 1, "Counts A", "Counts B")

. gen str12 h3 = "Rates"

. quietly puttab term n rate using `"`output'/thin.xlsx"', sheet("S") varlabels csv(`"`output'/thin.csv"') markdown(`"`output'/thin.md"') panel(p) panelheader(h1 h2 h3) headershade zebra headercolor(blue) zebracolor(pink) hlines(3) vlines(2) boldrows(3) n
> format(%6.0fc)

. file write counts "thin," %12.0f (r(n_rows)) "," %12.0f (r(n_cols)) "," %12.0f (r(n_datarows)) "," %12.0f (r(n_panels)) "," %12.0f (r(n_spans)) _n

. clear

. set obs 3
Number of observations (_N) was 0, now 3.

. gen p = cond(_n < 3, 1, 2)

. label define panels 1 "Panel A" 2 "Panel B", replace

. label values p panels

. gen str10 term = cond(_n == 1, "a", cond(_n == 2, "b", "c"))

. gen n = 1000 * _n

. gen rate = 1234.5 + _n / 10

. format n %8.0gc

. format rate %12.2fc

. label variable term "Term"

. label variable n "N"

. label variable rate "Rate"

. gen str1 h1 = ""
(3 missing values generated)

. gen str12 h2 = cond(p == 1, "Counts A", "Counts B")

. gen str12 h3 = "Rates"

. quietly puttab term n rate using `"`output'/medium.xlsx"', sheet("S") varlabels csv(`"`output'/medium.csv"') markdown(`"`output'/medium.md"') borderstyle(medium) panel(p) panelheader(h1 h2 h3) headershade zebra headercolor(blue) zebracolor(pink) hlines(
> 3) vlines(2) boldrows(3) nformat(%6.0fc)

. file write counts "medium," %12.0f (r(n_rows)) "," %12.0f (r(n_cols)) "," %12.0f (r(n_datarows)) "," %12.0f (r(n_panels)) "," %12.0f (r(n_spans)) _n

. clear

. set obs 3
Number of observations (_N) was 0, now 3.

. gen p = cond(_n < 3, 1, 2)

. label define panels 1 "Panel A" 2 "Panel B", replace

. label values p panels

. gen str10 term = cond(_n == 1, "a", cond(_n == 2, "b", "c"))

. gen n = 1000 * _n

. gen rate = 1234.5 + _n / 10

. format n %8.0gc

. format rate %12.2fc

. label variable term "Term"

. label variable n "N"

. label variable rate "Rate"

. gen str1 h1 = ""
(3 missing values generated)

. gen str12 h2 = cond(p == 1, "Counts A", "Counts B")

. gen str12 h3 = "Rates"

. quietly puttab term n rate using `"`output'/academic.xlsx"', sheet("S") varlabels csv(`"`output'/academic.csv"') markdown(`"`output'/academic.md"') borderstyle(academic) panel(p) panelheader(h1 h2 h3) headershade zebra headercolor(blue) zebracolor(pink)
>  hlines(3) vlines(2) boldrows(3) nformat(%6.0fc)

. file write counts "academic," %12.0f (r(n_rows)) "," %12.0f (r(n_cols)) "," %12.0f (r(n_datarows)) "," %12.0f (r(n_panels)) "," %12.0f (r(n_spans)) _n

. clear

. set obs 2
Number of observations (_N) was 0, now 2.

. gen str10 term = cond(_n == 1, "Term", "a")

. gen str10 n = cond(_n == 1, "N", "1")

. label variable term "Term"

. label variable n "N"

. frame copy default first

. replace term = "b" in 2
(1 real change made)

. frame copy default second

. replace term = "c" in 2
(1 real change made)

. frame copy default third

. quietly stacktab using `"`output'/frames.xlsx"', frames(first "Panel A" \ second "Panel A" \ third) sheet("S") csv(`"`output'/frames.csv"') markdown(`"`output'/frames.md"')

. file write counts "frames," %12.0f (r(n_rows)) "," %12.0f (r(n_cols)) "," %12.0f (r(n_datarows)) "," %12.0f (r(n_panels)) "," %12.0f (r(n_spans)) _n

. assert r(n_frames) == 3

. clear

. input double mpg double wt

            mpg          wt
  1. 21 2.62
  2. 21 2.875
  3. 22.8 2.32
  4. 21.4 3.215
  5. 18.7 3.44
  6. 18.1 3.46
  7. 14.3 3.57
  8. 24.4 3.19
  9. 22.8 3.15
 10. 19.2 3.44
 11. 17.8 3.44
 12. 16.4 4.07
 13. 17.3 3.73
 14. 15.2 3.78
 15. 10.4 5.25
 16. 10.4 5.424
 17. 14.7 5.345
 18. 32.4 2.2
 19. 30.4 1.615
 20. 33.9 1.835
 21. 21.5 2.465
 22. 15.5 3.52
 23. 15.2 3.435
 24. 13.3 3.84
 25. 19.2 3.845
 26. 27.3 1.935
 27. 26 2.14
 28. 30.4 1.513
 29. 15.8 3.17
 30. 19.7 2.77
 31. 15 3.57
 32. 21.4 2.78
 33. end

. collect clear

. collect: regress mpg wt

      Source |       SS           df       MS      Number of obs   =        32
-------------+----------------------------------   F(1, 30)        =     91.38
       Model |   847.72525         1   847.72525   Prob > F        =    0.0000
    Residual |  278.321938        30  9.27739792   R-squared       =    0.7528
-------------+----------------------------------   Adj R-squared   =    0.7446
       Total |  1126.04719        31  36.3241028   Root MSE        =    3.0459

------------------------------------------------------------------------------
         mpg | Coefficient  Std. err.      t    P>|t|     [95% conf. interval]
-------------+----------------------------------------------------------------
          wt |  -5.344472    .559101    -9.56   0.000    -6.486308   -4.202635
       _cons |   37.28513   1.877627    19.86   0.000      33.4505    41.11975
------------------------------------------------------------------------------

. regtab, models("Same") coef("Coef.") stats(n) frame(base, replace flat keys)
  +-------------------------------------------------+
  |                 Same                            |
  |                Coef.           95% CI   p-value |
  |           wt   -5.34   (-6.49, -4.20)    <0.001 |
  |    Intercept   37.29   (33.45, 41.12)    <0.001 |
  | Observations      32                            |
  +-------------------------------------------------+


. frame base: recast strL rowlabel c1 c2 c3

. frame base: replace rowlabel = "  Edited | slash\path  " if _term == "wt"
(1 real change made)

. frame base: replace c1 = "Literal"
(3 real changes made)

. frame base: replace c2 = "Reference"
(3 real changes made)

. frame base: replace c3 = "See note"
(3 real changes made)

. frame base: puttab using `"`output'/panel.xlsx"', frame(base) sheet("S") title("Title") footnote("User one \ User two") csv(`"`output'/panel.csv"') markdown(`"`output'/panel.md"') borderstyle(default) headershade headercolor(blue) zebra zebracolor(pink)
>  blockheader panel(_rowtype) noindent
(puttab: key column(s) _order _term _state1 _state2 _state3 not exported; name them in the varlist to export them)
Markdown exported to /tmp/tabtools-native-256-ldv3y3pm/out/panel.md
puttab: wrote 5 data rows x 4 cols (frame source) to sheet S in /tmp/tabtools-native-256-ldv3y3pm/out/panel.xlsx

. file write counts "panel," %12.0f (r(n_rows)) "," %12.0f (r(n_cols)) "," %12.0f (r(n_datarows)) "," %12.0f (r(n_panels)) "," %12.0f (r(n_spans)) _n

. file close counts

. display "PUTTAB_CURRENT_GEOMETRY_COMPLETE"
PUTTAB_CURRENT_GEOMETRY_COMPLETE

. 
end of do-file

. display "ROOT_NATIVE_256_CAPTURE_COMPLETED"
ROOT_NATIVE_256_CAPTURE_COMPLETED

. exit, clear

end of do-file
