
  ___  ____  ____  ____  ____ ®
 /__    /   ____/   /   ____/      17.0
___/   /   /___/   /   /___/       MP—Parallel Edition

 Statistics and Data Science       Copyright 1985-2021 StataCorp LLC
                                   StataCorp
                                   4905 Lakeway Drive
                                   College Station, Texas 77845 USA
                                   800-STATA-PC        https://www.stata.com
                                   979-696-4600        stata@stata.com

Stata license: Single-user 16-core  perpetual
Serial number: 501706305188
  Licensed to: Timothy Copeland
               Karolinska Institutet

Notes:
      1. Stata is running in batch mode.
      2. Unicode is supported; see help unicode_advice.
      3. More than 2 billion observations are allowed; see help obs_advice.
      4. Maximum number of variables is set to 5,000 but can be increased;
          see help set_maxvar.

. do /tmp/tabtools-native-256-dhbtxfa8/capture.do 

. version 17.0

. clear all

. set more off

. set linesize 255

. set varabbrev off

. adopath ++ "/home/tpcopeland/R-Dev/_notes/tabtools-parity-2026-10-06/wp-stata-post251-port-v1/native-256-source/fvgen"
  [1]              "/home/tpcopeland/R-Dev/_notes/tabtools-parity-2026-10-06/wp-stata-post251-port-v1/native-256-source/fvgen"
  [2]  (BASE)      "/usr/local/stata17/ado/base/"
  [3]  (SITE)      "/usr/local/ado/"
  [4]              "."
  [5]  (PERSONAL)  "~/ado/personal/"
  [6]  (PLUS)      "~/ado/plus/"
  [7]  (OLDPLACE)  "~/ado/"

. adopath ++ "/home/tpcopeland/R-Dev/_notes/tabtools-parity-2026-10-06/wp-stata-post251-port-v1/native-256-source/tabtools"
  [1]              "/home/tpcopeland/R-Dev/_notes/tabtools-parity-2026-10-06/wp-stata-post251-port-v1/native-256-source/tabtools"
  [2]              "/home/tpcopeland/R-Dev/_notes/tabtools-parity-2026-10-06/wp-stata-post251-port-v1/native-256-source/fvgen"
  [3]  (BASE)      "/usr/local/stata17/ado/base/"
  [4]  (SITE)      "/usr/local/ado/"
  [5]              "."
  [6]  (PERSONAL)  "~/ado/personal/"
  [7]  (PLUS)      "~/ado/plus/"
  [8]  (OLDPLACE)  "~/ado/"

. adopath
  [1]              "/home/tpcopeland/R-Dev/_notes/tabtools-parity-2026-10-06/wp-stata-post251-port-v1/native-256-source/tabtools"
  [2]              "/home/tpcopeland/R-Dev/_notes/tabtools-parity-2026-10-06/wp-stata-post251-port-v1/native-256-source/fvgen"
  [3]  (BASE)      "/usr/local/stata17/ado/base/"
  [4]  (SITE)      "/usr/local/ado/"
  [5]              "."
  [6]  (PERSONAL)  "~/ado/personal/"
  [7]  (PLUS)      "~/ado/plus/"
  [8]  (OLDPLACE)  "~/ado/"

. which puttab
/home/tpcopeland/R-Dev/_notes/tabtools-parity-2026-10-06/wp-stata-post251-port-v1/native-256-source/tabtools/puttab.ado
*! puttab Version 2.5.6  2026/10/07
*! Style an in-memory table (current data, a frame, or a matrix) as one Excel sheet
*! Author: Timothy P Copeland, Karolinska Institutet
*! Program class: rclass

. which table1_tc
/home/tpcopeland/R-Dev/_notes/tabtools-parity-2026-10-06/wp-stata-post251-port-v1/native-256-source/tabtools/table1_tc.ado
*! table1_tc Version 2.5.6  2026/10/07 - Descriptive Statistics Table Generator
*! Author: Timothy P Copeland, Karolinska Institutet
*! Program class: rclass
*! Frontend for the consolidated desctab engine

. which desctab
/home/tpcopeland/R-Dev/_notes/tabtools-parity-2026-10-06/wp-stata-post251-port-v1/native-256-source/tabtools/desctab.ado
*! desctab Version 2.5.6  2026/10/07 - Consolidated descriptive Table 1 engine
*! Author: Timothy P Copeland, Karolinska Institutet
*! Fork of -table1_mc- version 3.5 (2024-12-19) by Mark Chatfield
*! This program generates descriptive statistics tables with formatting options
*! and can export them to Excel with automatic column width calculation

. do "/home/tpcopeland/R-Dev/_notes/tabtools-parity-2026-10-06/wp-stata-post251-port-v1/disclosure-recipe-v2/capture-post251-disclosure.do" "/tmp/tabtools-native-256-dhbtxfa8/out"

. * Pure native targeted receipt; ROOT must cold-load the complete authenticated
. * 4eecca4d09d61df0cfe773fc2024b015920b5fe6 (tabtools 2.5.6) source before this do.
. * No net install, ado-path mutation, fixture promotion, or R execution here.
. version 17.0

. set more off

. set varabbrev off

. args artifact_dir

. if `"`artifact_dir'"' == "" exit 198

. 
. program define _post251_capture
  1.     syntax , OUTDIR(string) ID(string) VARS(string) [slashN CATROWPERC MISSINGSUMMARY TOTAL(string) MODE(string)]
  2.     quietly save `"`outdir'/`id'-input.dta"', replace
  3.     local sc "3"
  4.     if "`mode'" == "primary" local sc "3, primary"
  5.     local totalopt ""
  6.     if "`total'" != "" local totalopt "total(`total')"
  7.     capture noisily table1_tc, by(g) vars(`vars') smallcells(`sc') nopvalue ///
>         `slashN' `catrowperc' `missingsummary' `totalopt' frame(_post251_result, replace) ///
>         csv(`"`outdir'/`id'.csv"') markdown(`"`outdir'/`id'.md"') ///
>         excel(`"`outdir'/`id'.xlsx"') sheet(Table)
  8.     local command_rc = _rc
  9.     noisily display as text "POST251_CASE `id' COMMAND_RC `command_rc'"
 10.     if `command_rc' exit `command_rc'
 11.     return list
 12.     tempname suppression fh
 13.     matrix `suppression' = r(suppression)
 14.     local primary = r(N_primary_suppressed)
 15.     local secondary = r(N_secondary_suppressed)
 16.     local derived = r(N_derived_suppressed)
 17.     matrix list `suppression', format(%20.0g)
 18.     file open `fh' using `"`outdir'/`id'-counts.csv"', write text replace
 19.     file write `fh' "id,command_rc,N_primary_suppressed,N_secondary_suppressed,N_derived_suppressed" _n
 20.     file write `fh' "`id',`command_rc',`primary',`secondary',`derived'" _n
 21.     file close `fh'
 22.     frame _post251_result: quietly save `"`outdir'/`id'-frame.dta"', replace
 23.     frame _post251_result: list, noobs
 24.     frame drop _post251_result
 25. end

. 
. * DS01/DS02 reproduce the two previously conditional slashN regressions.
. clear

. set obs 22
Number of observations (_N) was 0, now 22.

. gen byte g = cond(_n <= 4, 1, cond(_n <= 13, 2, 3))

. gen byte v = .
(22 missing values generated)

. local vv "3 3 1 1 . 1 1 1 3 1 1 3 1 2 . 2 1 . . 1 . 1"

. forvalues i = 1/22 {
  2.     local value : word `i' of `vv'
  3.     replace v = `value' in `i'
  4. }
(1 real change made)
(1 real change made)
(1 real change made)
(1 real change made)
(0 real changes made)
(1 real change made)
(1 real change made)
(1 real change made)
(1 real change made)
(1 real change made)
(1 real change made)
(1 real change made)
(1 real change made)
(1 real change made)
(0 real changes made)
(1 real change made)
(1 real change made)
(0 real changes made)
(0 real changes made)
(1 real change made)
(0 real changes made)
(1 real change made)

. _post251_capture, outdir(`"`artifact_dir'"') id(DS01) vars(v cat) slashN
  +-------------------------------------------------------------+
  |                  g = 1          g = 2          g = 3        |
  |-------------------------------------------------------------|
  | No. (Column %)   ≥3             N=9            ≥3           |
  |-------------------------------------------------------------|
  | v                                                           |
  |    1             <3             6/Suppressed   3/Suppressed |
  |    2             0/Suppressed   0/Suppressed   <3           |
  |    3             <3             <3             0/Suppressed |
  +-------------------------------------------------------------+
Counts below 3 are shown as <3; complementary cells are shown as ≥3 to prevent exact reconstruction. Percentages are withheld for any variable carrying a suppressed count.
CSV exported to /tmp/tabtools-native-256-dhbtxfa8/out/DS01.csv
Markdown exported to /tmp/tabtools-native-256-dhbtxfa8/out/DS01.md
POST251_CASE DS01 COMMAND_RC 0

scalars:
      r(markdown_cols) =  4
      r(markdown_rows) =  4
  r(N_derived_suppres
    sed)               =  5
  r(N_secondary_suppr
    essed)             =  2
  r(N_primary_suppres
    sed)               =  4
         r(smallcells) =  3

macros:
           r(markdown) : "/tmp/tabtools-native-256-dhbtxfa8/out/DS01.md"
              r(sheet) : "Table"
               r(xlsx) : "/tmp/tabtools-native-256-dhbtxfa8/out/DS01.xlsx"
              r(frame) : "_post251_result"
    r(smallcells_mode) : "full"
            r(varlist) : "v"
               r(Dapa) : "Data are presented as No./total (%). P-values suppressed."

matrices:
        r(suppression) :  6 x 3

__000000[6,3]
    g_1  g_2  g_3
r1    0    0    0
r2    2    0    2
r3    0    0    0
r4    1    3    3
r5    3    3    1
r6    1    1    3
(file /tmp/tabtools-native-256-dhbtxfa8/out/DS01-counts.csv not found)

  +-------------------------------------------------------------+
  | factor           g_1            g_2            g_3          |
  |-------------------------------------------------------------|
  |                  g = 1          g = 2          g = 3        |
  | No. (Column %)   ≥3             N=9            ≥3           |
  | v                                                           |
  |    1             <3             6/Suppressed   3/Suppressed |
  |    2             0/Suppressed   0/Suppressed   <3           |
  |-------------------------------------------------------------|
  |    3             <3             <3             0/Suppressed |
  +-------------------------------------------------------------+

. clear

. set obs 24
Number of observations (_N) was 0, now 24.

. gen byte g = cond(_n <= 6, 1, cond(_n <= 19, 2, 3))

. gen byte b = 1

. replace b = 0 in 17/19
(3 real changes made)

. replace b = 0 in 24
(1 real change made)

. _post251_capture, outdir(`"`artifact_dir'"') id(DS02) vars(b bin) slashN catrowperc total(after)
  +-------------------------------------------------------------+
  |                  1     2       3              Total         |
  |-------------------------------------------------------------|
  | No. (Column %)   N=6   N=13    ≥3             ≥3            |
  |-------------------------------------------------------------|
  | b                6/6   10/13   4/Suppressed   20/Suppressed |
  +-------------------------------------------------------------+
Counts below 3 are shown as <3; complementary cells are shown as ≥3 to prevent exact reconstruction. Percentages are withheld for any variable carrying a suppressed count.
CSV exported to /tmp/tabtools-native-256-dhbtxfa8/out/DS02.csv
Markdown exported to /tmp/tabtools-native-256-dhbtxfa8/out/DS02.md
POST251_CASE DS02 COMMAND_RC 0

scalars:
      r(markdown_cols) =  5
      r(markdown_rows) =  1
  r(N_derived_suppres
    sed)               =  2
  r(N_secondary_suppr
    essed)             =  2
  r(N_primary_suppres
    sed)               =  0
         r(smallcells) =  3

macros:
           r(markdown) : "/tmp/tabtools-native-256-dhbtxfa8/out/DS02.md"
              r(sheet) : "Table"
               r(xlsx) : "/tmp/tabtools-native-256-dhbtxfa8/out/DS02.xlsx"
              r(frame) : "_post251_result"
    r(smallcells_mode) : "full"
            r(varlist) : "b"
               r(Dapa) : "Data are presented as No./total (row %). P-values suppressed."

matrices:
        r(suppression) :  3 x 4

__000000[3,4]
    g_1  g_2  g_3  g_T
r1    0    0    0    0
r2    0    0    2    2
r3    0    0    3    3
(file /tmp/tabtools-native-256-dhbtxfa8/out/DS02-counts.csv not found)

  +-------------------------------------------------------------+
  | factor           g_1   g_2     g_3            g_T           |
  |-------------------------------------------------------------|
  |                  1     2       3              Total         |
  | No. (Column %)   N=6   N=13    ≥3             ≥3            |
  | b                6/6   10/13   4/Suppressed   20/Suppressed |
  +-------------------------------------------------------------+

. 
. * DS03/DS04: tiny denominator strict/primary, shared group Ns and Total.
. clear

. gen byte g = .

. gen byte v = .

. local gn "14 6 6 9"

. local c1 "2 2 1 1"

. local c2 "0 1 0 3"

. local c3 "6 1 1 4"

. local at 0

. forvalues j = 1/4 {
  2.     local n : word `j' of `gn'
  3.     local a : word `j' of `c1'
  4.     local b : word `j' of `c2'
  5.     local c : word `j' of `c3'
  6.     quietly set obs `=`at' + `n''
  7.     quietly replace g = `j' in `=`at' + 1'/`=`at' + `n''
  8.     if `a' > 0 quietly replace v = 1 in `=`at' + 1'/`=`at' + `a''
  9.     if `b' > 0 quietly replace v = 2 in `=`at' + `a' + 1'/`=`at' + `a' + `b''
 10.     if `c' > 0 quietly replace v = 3 in `=`at' + `a' + `b' + 1'/`=`at' + `a' + `b' + `c''
 11.     local at = `at' + `n'
 12. }

. gen double x = _n

. _post251_capture, outdir(`"`artifact_dir'"') id(DS03) vars(x contn \ v cat) slashN total(after)
  +-----------------------------------------------------------------------------------------------+
  |                             1              2      3              4              Total         |
  |-----------------------------------------------------------------------------------------------|
  | No. (Column %) or Mean±SD   N=14           N=6    N=6            N=9            N=35          |
  |-----------------------------------------------------------------------------------------------|
  | x                           8±4            18±2   24±2           31±3           18±10         |
  |-----------------------------------------------------------------------------------------------|
  | v                                                                                             |
  |    1                        <3             <3     <3             <3             6/Suppressed  |
  |    2                        0/Suppressed   <3     0/Suppressed   3/Suppressed   ≥3            |
  |    3                        6/Suppressed   <3     <3             ≥3             12/Suppressed |
  +-----------------------------------------------------------------------------------------------+
Counts below 3 are shown as <3; complementary cells are shown as ≥3 to prevent exact reconstruction. Percentages are withheld for any variable carrying a suppressed count.
CSV exported to /tmp/tabtools-native-256-dhbtxfa8/out/DS03.csv
Markdown exported to /tmp/tabtools-native-256-dhbtxfa8/out/DS03.md
POST251_CASE DS03 COMMAND_RC 0

scalars:
      r(markdown_cols) =  6
      r(markdown_rows) =  5
  r(N_derived_suppres
    sed)               =  6
  r(N_secondary_suppr
    essed)             =  2
  r(N_primary_suppres
    sed)               =  7
         r(smallcells) =  3

macros:
           r(markdown) : "/tmp/tabtools-native-256-dhbtxfa8/out/DS03.md"
              r(sheet) : "Table"
               r(xlsx) : "/tmp/tabtools-native-256-dhbtxfa8/out/DS03.xlsx"
              r(frame) : "_post251_result"
    r(smallcells_mode) : "full"
            r(varlist) : "x v"
               r(Dapa) : "Data are presented as mean±SD for continuous measures, and No./total (%) for categorical measures. P-values suppressed."

matrices:
        r(suppression) :  7 x 5

__000000[7,5]
    g_1  g_2  g_3  g_4  g_T
r1    0    0    0    0    0
r2    0    0    0    0    0
r3    0    0    0    0    0
r4    0    0    0    0    0
r5    1    1    1    1    3
r6    3    1    3    3    2
r7    3    1    1    2    3
(file /tmp/tabtools-native-256-dhbtxfa8/out/DS03-counts.csv not found)

  +-----------------------------------------------------------------------------------------------+
  | factor                      g_1            g_2    g_3            g_4            g_T           |
  |-----------------------------------------------------------------------------------------------|
  |                             1              2      3              4              Total         |
  | No. (Column %) or Mean±SD   N=14           N=6    N=6            N=9            N=35          |
  | x                           8±4            18±2   24±2           31±3           18±10         |
  | v                                                                                             |
  |    1                        <3             <3     <3             <3             6/Suppressed  |
  |-----------------------------------------------------------------------------------------------|
  |    2                        0/Suppressed   <3     0/Suppressed   3/Suppressed   ≥3            |
  |    3                        6/Suppressed   <3     <3             ≥3             12/Suppressed |
  +-----------------------------------------------------------------------------------------------+

. _post251_capture, outdir(`"`artifact_dir'"') id(DS04) vars(x contn \ v cat) slashN total(after) mode(primary)
  +--------------------------------------------------------------------------------+
  |                             1          2      3          4          Total      |
  |--------------------------------------------------------------------------------|
  | No. (Column %) or Mean±SD   N=14       N=6    N=6        N=9        N=35       |
  |--------------------------------------------------------------------------------|
  | x                           8±4        18±2   24±2       31±3       18±10      |
  |--------------------------------------------------------------------------------|
  | v                                                                              |
  |    1                        <3         <3     <3         <3         6/22 (27)  |
  |    2                        0/8 (0)    <3     0/<3 (0)   3/8 (38)   4/22 (18)  |
  |    3                        6/8 (75)   <3     <3         4/8 (50)   12/22 (55) |
  +--------------------------------------------------------------------------------+
Counts from 1 to 2 are shown as <3 without a percentage (primary suppression only: no complementary cells are masked). This protects printed counts only.
CSV exported to /tmp/tabtools-native-256-dhbtxfa8/out/DS04.csv
Markdown exported to /tmp/tabtools-native-256-dhbtxfa8/out/DS04.md
POST251_CASE DS04 COMMAND_RC 0

scalars:
      r(markdown_cols) =  6
      r(markdown_rows) =  5
  r(N_derived_suppres
    sed)               =  0
  r(N_secondary_suppr
    essed)             =  0
  r(N_primary_suppres
    sed)               =  8
         r(smallcells) =  3

macros:
           r(markdown) : "/tmp/tabtools-native-256-dhbtxfa8/out/DS04.md"
              r(sheet) : "Table"
               r(xlsx) : "/tmp/tabtools-native-256-dhbtxfa8/out/DS04.xlsx"
              r(frame) : "_post251_result"
    r(smallcells_mode) : "primary"
            r(varlist) : "x v"
               r(Dapa) : "Data are presented as mean±SD for continuous measures, and No./total (%) for categorical measures. P-values suppressed."

matrices:
        r(suppression) :  7 x 5

__000000[7,5]
    g_1  g_2  g_3  g_4  g_T
r1    0    0    0    0    0
r2    0    0    0    0    0
r3    0    0    0    0    0
r4    0    0    0    0    0
r5    1    1    1    1    0
r6    0    1    1    0    0
r7    0    1    1    0    0
(file /tmp/tabtools-native-256-dhbtxfa8/out/DS04-counts.csv not found)

  +--------------------------------------------------------------------------------+
  | factor                      g_1        g_2    g_3        g_4        g_T        |
  |--------------------------------------------------------------------------------|
  |                             1          2      3          4          Total      |
  | No. (Column %) or Mean±SD   N=14       N=6    N=6        N=9        N=35       |
  | x                           8±4        18±2   24±2       31±3       18±10      |
  | v                                                                              |
  |    1                        <3         <3     <3         <3         6/22 (27)  |
  |--------------------------------------------------------------------------------|
  |    2                        0/8 (0)    <3     0/<3 (0)   3/8 (38)   4/22 (18)  |
  |    3                        6/8 (75)   <3     <3         4/8 (50)   12/22 (55) |
  +--------------------------------------------------------------------------------+

. 
. * DS05: Missing count survives; its percentage cannot release a withheld N.
. clear

. gen byte g = .

. gen byte b = .

. local mm "1 4 1 4 0"

. local zz "1 2 0 2 0"

. local oo "3 6 4 8 12"

. local at 0

. forvalues j = 1/5 {
  2.     local m : word `j' of `mm'
  3.     local z : word `j' of `zz'
  4.     local o : word `j' of `oo'
  5.     local n = `m' + `z' + `o'
  6.     quietly set obs `=`at' + `n''
  7.     quietly replace g = `j' in `=`at' + 1'/`=`at' + `n''
  8.     if `z' > 0 quietly replace b = 0 in `=`at' + 1'/`=`at' + `z''
  9.     quietly replace b = 1 in `=`at' + `z' + 1'/`=`at' + `z' + `o''
 10.     local at = `at' + `n'
 11. }

. _post251_capture, outdir(`"`artifact_dir'"') id(DS05) vars(b bin) slashN total(before) missingsummary
(1 real change made)
(1 real change made, 1 to missing)
  +----------------------------------------------------------------------------------------------------+
  |                  Total           1              2              3              4              5     |
  |----------------------------------------------------------------------------------------------------|
  | No. (Column %)   N=48            ≥3             ≥3             ≥3             ≥3             N=12  |
  |----------------------------------------------------------------------------------------------------|
  | b                33/Suppressed   3/Suppressed   6/Suppressed   4/Suppressed   8/Suppressed   12/12 |
  |    Missing       ≥3              <3             4              <3             4              0     |
  +----------------------------------------------------------------------------------------------------+
Counts below 3 are shown as <3; complementary cells are shown as ≥3 to prevent exact reconstruction. Percentages are withheld for any variable carrying a suppressed count.
CSV exported to /tmp/tabtools-native-256-dhbtxfa8/out/DS05.csv
Markdown exported to /tmp/tabtools-native-256-dhbtxfa8/out/DS05.md
POST251_CASE DS05 COMMAND_RC 0

scalars:
      r(markdown_cols) =  7
      r(markdown_rows) =  2
  r(N_derived_suppres
    sed)               =  5
  r(N_secondary_suppr
    essed)             =  5
  r(N_primary_suppres
    sed)               =  2
         r(smallcells) =  3

macros:
           r(markdown) : "/tmp/tabtools-native-256-dhbtxfa8/out/DS05.md"
              r(sheet) : "Table"
               r(xlsx) : "/tmp/tabtools-native-256-dhbtxfa8/out/DS05.xlsx"
              r(frame) : "_post251_result"
    r(smallcells_mode) : "full"
            r(varlist) : "b"
               r(Dapa) : "Data are presented as No./total (%). P-values suppressed."

matrices:
        r(suppression) :  4 x 6

__000000[4,6]
    g_1  g_2  g_3  g_4  g_5  g_T
r1    0    0    0    0    0    0
r2    2    2    2    2    0    0
r3    3    3    3    3    0    3
r4    1    0    1    0    0    2
(file /tmp/tabtools-native-256-dhbtxfa8/out/DS05-counts.csv not found)

  +----------------------------------------------------------------------------------------------------+
  | factor           g_T             g_1            g_2            g_3            g_4            g_5   |
  |----------------------------------------------------------------------------------------------------|
  |                  Total           1              2              3              4              5     |
  | No. (Column %)   N=48            ≥3             ≥3             ≥3             ≥3             N=12  |
  | b                33/Suppressed   3/Suppressed   6/Suppressed   4/Suppressed   8/Suppressed   12/12 |
  |    Missing       ≥3              <3             4              <3             4              0     |
  +----------------------------------------------------------------------------------------------------+

. 
. * DS06/07/08: continuous n>=k, Total subtraction, and primary control.
. clear

. set obs 16
Number of observations (_N) was 0, now 16.

. gen byte g = cond(_n <= 4, 1, cond(_n <= 10, 2, 3))

. gen double x = _n

. replace x = . in 4
(1 real change made, 1 to missing)

. replace x = . in 11/12
(2 real changes made, 2 to missing)

. _post251_capture, outdir(`"`artifact_dir'"') id(DS06) vars(x contn) missingsummary
(1 real change made)
(1 real change made, 1 to missing)
  +------------------------------------+
  |              g = 1   g = 2   g = 3 |
  |------------------------------------|
  | Mean±SD      ≥3      N=6     N=6   |
  |------------------------------------|
  | x            2±1     8±2     14±1  |
  |    Missing   <3      0       <3    |
  +------------------------------------+
Counts below 3 are shown as <3; complementary cells are shown as ≥3 to prevent exact reconstruction. Percentages are withheld for any variable carrying a suppressed count.
CSV exported to /tmp/tabtools-native-256-dhbtxfa8/out/DS06.csv
Markdown exported to /tmp/tabtools-native-256-dhbtxfa8/out/DS06.md
POST251_CASE DS06 COMMAND_RC 0

scalars:
      r(markdown_cols) =  4
      r(markdown_rows) =  2
  r(N_derived_suppres
    sed)               =  0
  r(N_secondary_suppr
    essed)             =  1
  r(N_primary_suppres
    sed)               =  2
         r(smallcells) =  3

macros:
           r(markdown) : "/tmp/tabtools-native-256-dhbtxfa8/out/DS06.md"
              r(sheet) : "Table"
               r(xlsx) : "/tmp/tabtools-native-256-dhbtxfa8/out/DS06.xlsx"
              r(frame) : "_post251_result"
    r(smallcells_mode) : "full"
            r(varlist) : "x"
               r(Dapa) : "Data are presented as mean±SD. P-values suppressed."

matrices:
        r(suppression) :  4 x 3

__000000[4,3]
    g_1  g_2  g_3
r1    0    0    0
r2    2    0    0
r3    0    0    0
r4    1    0    1
(file /tmp/tabtools-native-256-dhbtxfa8/out/DS06-counts.csv not found)

  +------------------------------------+
  | factor       g_1     g_2     g_3   |
  |------------------------------------|
  |              g = 1   g = 2   g = 3 |
  | Mean±SD      ≥3      N=6     N=6   |
  | x            2±1     8±2     14±1  |
  |    Missing   <3      0       <3    |
  +------------------------------------+

. _post251_capture, outdir(`"`artifact_dir'"') id(DS07) vars(x contn) missingsummary total(after)
(1 real change made)
(1 real change made, 1 to missing)
  +---------------------------------------+
  |              1     2     3      Total |
  |---------------------------------------|
  | Mean±SD      ≥3    N=6   N=6    ≥3    |
  |---------------------------------------|
  | x            2±1   8±2   14±1   8±5   |
  |    Missing   <3    0     <3     3     |
  +---------------------------------------+
Counts below 3 are shown as <3; complementary cells are shown as ≥3 to prevent exact reconstruction. Percentages are withheld for any variable carrying a suppressed count.
CSV exported to /tmp/tabtools-native-256-dhbtxfa8/out/DS07.csv
Markdown exported to /tmp/tabtools-native-256-dhbtxfa8/out/DS07.md
POST251_CASE DS07 COMMAND_RC 0

scalars:
      r(markdown_cols) =  5
      r(markdown_rows) =  2
  r(N_derived_suppres
    sed)               =  0
  r(N_secondary_suppr
    essed)             =  2
  r(N_primary_suppres
    sed)               =  2
         r(smallcells) =  3

macros:
           r(markdown) : "/tmp/tabtools-native-256-dhbtxfa8/out/DS07.md"
              r(sheet) : "Table"
               r(xlsx) : "/tmp/tabtools-native-256-dhbtxfa8/out/DS07.xlsx"
              r(frame) : "_post251_result"
    r(smallcells_mode) : "full"
            r(varlist) : "x"
               r(Dapa) : "Data are presented as mean±SD. P-values suppressed."

matrices:
        r(suppression) :  4 x 4

__000000[4,4]
    g_1  g_2  g_3  g_T
r1    0    0    0    0
r2    2    0    0    2
r3    0    0    0    0
r4    1    0    1    0
(file /tmp/tabtools-native-256-dhbtxfa8/out/DS07-counts.csv not found)

  +---------------------------------------+
  | factor       g_1   g_2   g_3    g_T   |
  |---------------------------------------|
  |              1     2     3      Total |
  | Mean±SD      ≥3    N=6   N=6    ≥3    |
  | x            2±1   8±2   14±1   8±5   |
  |    Missing   <3    0     <3     3     |
  +---------------------------------------+

. _post251_capture, outdir(`"`artifact_dir'"') id(DS08) vars(x contn) missingsummary mode(primary)
(1 real change made)
(1 real change made, 1 to missing)
  +------------------------------------+
  |              g = 1   g = 2   g = 3 |
  |------------------------------------|
  | Mean±SD      N=4     N=6     N=6   |
  |------------------------------------|
  | x            2±1     8±2     14±1  |
  |    Missing   <3      0       <3    |
  +------------------------------------+
Counts from 1 to 2 are shown as <3 without a percentage (primary suppression only: no complementary cells are masked). This protects printed counts only.
CSV exported to /tmp/tabtools-native-256-dhbtxfa8/out/DS08.csv
Markdown exported to /tmp/tabtools-native-256-dhbtxfa8/out/DS08.md
POST251_CASE DS08 COMMAND_RC 0

scalars:
      r(markdown_cols) =  4
      r(markdown_rows) =  2
  r(N_derived_suppres
    sed)               =  0
  r(N_secondary_suppr
    essed)             =  0
  r(N_primary_suppres
    sed)               =  2
         r(smallcells) =  3

macros:
           r(markdown) : "/tmp/tabtools-native-256-dhbtxfa8/out/DS08.md"
              r(sheet) : "Table"
               r(xlsx) : "/tmp/tabtools-native-256-dhbtxfa8/out/DS08.xlsx"
              r(frame) : "_post251_result"
    r(smallcells_mode) : "primary"
            r(varlist) : "x"
               r(Dapa) : "Data are presented as mean±SD. P-values suppressed."

matrices:
        r(suppression) :  4 x 3

__000000[4,3]
    g_1  g_2  g_3
r1    0    0    0
r2    0    0    0
r3    0    0    0
r4    1    0    1
(file /tmp/tabtools-native-256-dhbtxfa8/out/DS08-counts.csv not found)

  +------------------------------------+
  | factor       g_1     g_2     g_3   |
  |------------------------------------|
  |              g = 1   g = 2   g = 3 |
  | Mean±SD      N=4     N=6     N=6   |
  | x            2±1     8±2     14±1  |
  |    Missing   <3      0       <3    |
  +------------------------------------+

. noisily display as text "POST251_DISCLOSURE_CAPTURE_COMPLETE 8"
POST251_DISCLOSURE_CAPTURE_COMPLETE 8

. 
end of do-file

. display "ROOT_NATIVE_256_CAPTURE_COMPLETED"
ROOT_NATIVE_256_CAPTURE_COMPLETED

. exit, clear

end of do-file
